codemodel: no such command available in ngspice
codemodel: no such command available in ngspice
codemodel: no such command available in ngspice
codemodel: no such command available in ngspice
codemodel: no such command available in ngspice
codemodel: no such command available in ngspice
